✘ [ERROR] Expected ">" but found end of file

    src/pages/CartPage.jsx:172:24:
      172 │               aria-label
          │                         ^
          ╵                         >

1 error
node:child_process:955
    throw err;
    ^

Error: Command failed: /sessions/ecstatic-happy-sagan/mnt/beadv6_6_frontal_FE/biddy-web-app/biddy_frontend/node_modules/esbuild/node_modules/@esbuild/linux-x64/bin/esbuild src/pages/CartPage.jsx --jsx=automatic --jsx-import-source=react
    at genericNodeError (node:internal/errors:983:15)
    at wrappedFn (node:internal/errors:537:14)
    at checkExecSyncError (node:child_process:916:11)
    at Object.execFileSync (node:child_process:952:15)
    at Object.<anonymous> (/sessions/ecstatic-happy-sagan/mnt/beadv6_6_frontal_FE/biddy-web-app/biddy_frontend/node_modules/esbuild/bin/esbuild:222:28)
    at Module._compile (node:internal/modules/cjs/loader:1781:14)
    at Object..js (node:internal/modules/cjs/loader:1913:10)
    at Module.load (node:internal/modules/cjs/loader:1505:32)
    at Function._load (node:internal/modules/cjs/loader:1309:12)
    at wrapModuleLoad (node:internal/modules/cjs/loader:254:19) {
  status: 1,
  signal: null,
  output: [ null, null, null ],
  pid: 109,
  stdout: null,
  stderr: null
}

Node.js v22.22.3
